// Jest Snapshot v1, https://goo.gl/fbAQLP

exports[`Modal component renders correctly 1`] = `
<div
  className="modal-wrapper"
  onClick={[Function]}
>
  <div
    className="modal-content"
  >
    <div>
       hello
    </div>
  </div>
</div>
`;
