// Jest Snapshot v1, https://goo.gl/fbAQLP

exports[`PanelHeader component renders correctly 1`] = `
<div
  className="panel-header"
>
  <h1>
    Test Header
  </h1>
  <Icon
    className=""
    onClick={[Function]}
    size="medium"
    tooltipText="empty tooltip"
    type="help"
  />
</div>
`;
