// Jest Snapshot v1, https://goo.gl/fbAQLP

exports[`Vaults page renders correctly 1`] = `
<BaseTemplate>
  <h1>
    Vaults
  </h1>
  <Connect(vaultSelect) />
</BaseTemplate>
`;
