// Jest Snapshot v1, https://goo.gl/fbAQLP

exports[`Help page renders correctly 1`] = `
<div
  className="Help"
>
  <Connect(BaseTemplate)>
    <h1>
      Help
    </h1>
  </Connect(BaseTemplate)>
</div>
`;
