// Jest Snapshot v1, https://goo.gl/fbAQLP

exports[`FormModal component renders correctly 1`] = `undefined`;
