// Jest Snapshot v1, https://goo.gl/fbAQLP

exports[`ListPanel component renders correctly 1`] = `
<ContentWrapper
  header={
    <PanelHeader
      title="ListPanel Component"
      tooltip={null}
    />
  }
>
  <List
    Component={[Function]}
    className={null}
    data={
      Array [
        Object {
          "id": 1,
          "itemName": "Rocksolid Vault",
          "itemSymbol": "VLT",
          "value": 12489.51323,
        },
      ]
    }
  />
</ContentWrapper>
`;
