// Jest Snapshot v1, https://goo.gl/fbAQLP

exports[`VaultFees component renders correctly 1`] = `
<div
  className="vault-fees"
>
  <Title
    className={null}
    size="medium"
  >
    Fees
  </Title>
  <div
    className="fee-info"
  >
    <span>
      Management
    </span>
    <span>
      0.00%
    </span>
  </div>
  <div
    className="fee-info"
  >
    <span>
      Entry
    </span>
    <span>
      2.50%
    </span>
  </div>
  <div
    className="fee-info"
  >
    <span>
      Exit
    </span>
    <span>
      2.50%
    </span>
  </div>
  <Button
    appearance="primary"
    onClick={[Function]}
    type="button"
  >
    Edit Fees
  </Button>
</div>
`;
