// Jest Snapshot v1, https://goo.gl/fbAQLP

exports[`TopNavbar component renders correctly 1`] = `
<div
  className="top-navbar"
>
  <Link
    className="navbar-title"
    size="medium"
    to="/"
  >
    RigoBlock
  </Link>
  <UserMenu />
</div>
`;
