// Jest Snapshot v1, https://goo.gl/fbAQLP

exports[`LeftNavbar component renders correctly 1`] = `
<div
  className="left-navbar"
>
  <WrapperWithDivider
    Divider={[Function]}
  >
    <Connect(AccountView) />
    <Connect(NavigationView) />
  </WrapperWithDivider>
</div>
`;
