// Jest Snapshot v1, https://goo.gl/fbAQLP

exports[`Tooltip component renders correctly 1`] = `
<span
  className="material-icons tooltip medium"
>
  help
</span>
`;
