// Jest Snapshot v1, https://goo.gl/fbAQLP

exports[`ViewLink component renders correctly 1`] = `
<Link
  className="view-link"
  size="small"
  to="/"
>
  <Tooltip
    onClick={[Function]}
    size="medium"
    tooltipText=""
    type="dashboard"
  />
  <span>
    Dashboard
  </span>
</Link>
`;
