// Jest Snapshot v1, https://goo.gl/fbAQLP

exports[`Amount component renders correctly 1`] = `
<div
  className="amount"
>
  <div
    className="amount-symbol medium"
  >
    ETH
  </div>
  <ItemValue
    currency="ETH"
    currencyGrowth={null}
    growth={null}
    itemValue={"8000.23"}
    precision={2}
    valueSize="medium"
  />
</div>
`;
