// Jest Snapshot v1, https://goo.gl/fbAQLP

exports[`Dragos page renders correctly 1`] = `
<Connect(BaseTemplate)>
  <h1>
    Dragos
  </h1>
</Connect(BaseTemplate)>
`;
