// Jest Snapshot v1, https://goo.gl/fbAQLP

exports[`VaultTransactions component renders correctly 1`] = `<Connect(VaultTransactions) />`;
