// Jest Snapshot v1, https://goo.gl/fbAQLP

exports[`AccountList component renders correctly 1`] = `
<div
  className="account-list"
>
  <AccountItem
    key="0"
    number="0x242b2dd21e7e1a2b2516d0a3a06b58e2d9bf9196"
    provider="metamask"
  />
  <AccountItem
    key="1"
    number="0x7328ef1d7ab7583eb9968b2f4a9c900f8a2e2d6d"
    provider="metamask"
  />
  <AccountItem
    key="2"
    number="0x8bb7481495d45ccd5cffae1c3a84155fea85a323"
    provider="metamask"
  />
  <AccountItem
    key="3"
    number="0xe198d98b76c529886affb5a74be8b435624bd310"
    provider="metamask"
  />
  <AccountItem
    key="4"
    number="0x927aa991a628aab6851a890fb790a4a7cd0ec446"
    provider="metamask"
  />
</div>
`;
