// Jest Snapshot v1, https://goo.gl/fbAQLP

exports[`TransactionsTable component renders correctly 1`] = `
<ReactTable
  AggregatedComponent={[Function]}
  ExpanderComponent={[Function]}
  FilterComponent={[Function]}
  LoadingComponent={[Function]}
  NoDataComponent={[Function]}
  PadRowComponent={[Function]}
  PaginationComponent={[Function]}
  PivotValueComponent={[Function]}
  ResizerComponent={[Function]}
  TableComponent={[Function]}
  TbodyComponent={[Function]}
  TdComponent={[Function]}
  TfootComponent={[Function]}
  ThComponent={[Function]}
  TheadComponent={[Function]}
  TrComponent={[Function]}
  TrGroupComponent={[Function]}
  aggregatedKey="_aggregated"
  className="-striped"
  collapseOnDataChange={true}
  collapseOnPageChange={true}
  collapseOnSortingChange={true}
  column={
    Object {
      "Aggregated": undefined,
      "Cell": undefined,
      "Expander": undefined,
      "Filter": undefined,
      "Footer": undefined,
      "Header": undefined,
      "Pivot": undefined,
      "PivotValue": undefined,
      "aggregate": undefined,
      "className": "",
      "filterAll": false,
      "filterMethod": undefined,
      "filterable": undefined,
      "footerClassName": "",
      "footerStyle": Object {},
      "getFooterProps": [Function],
      "getHeaderProps": [Function],
      "getProps": [Function],
      "headerClassName": "",
      "headerStyle": Object {},
      "minWidth": 100,
      "resizable": undefined,
      "show": true,
      "sortMethod": undefined,
      "sortable": undefined,
      "style": Object {},
    }
  }
  columns={
    Array [
      Object {
        "Header": "ID",
        "accessor": [Function],
        "id": "id",
      },
      Object {
        "Header": "Type",
        "accessor": "type",
      },
      Object {
        "Header": "Symbol",
        "accessor": "symbol",
      },
      Object {
        "Header": "Units",
        "accessor": [Function],
        "id": "units",
      },
    ]
  }
  data={
    Array [
      Object {
        "account": "0x242b2dd21e7e1a2b2516d0a3a06b58e2d9bf9196",
        "date": 1531227188000,
        "id": "0x0d25486b4cfc7beb674b8",
        "symbol": "ETH",
        "type": "Deposit",
        "units": "23860000",
        "value": "23860000000000000000",
      },
    ]
  }
  defaultExpanded={Object {}}
  defaultFilterMethod={[Function]}
  defaultFiltered={Array []}
  defaultPageSize={10}
  defaultResized={Array []}
  defaultSortDesc={false}
  defaultSortMethod={[Function]}
  defaultSorted={Array []}
  expanderDefaults={
    Object {
      "filterable": false,
      "resizable": false,
      "sortable": false,
      "width": 35,
    }
  }
  filterable={false}
  freezeWhenExpanded={false}
  getLoadingProps={[Function]}
  getNoDataProps={[Function]}
  getPaginationProps={[Function]}
  getProps={[Function]}
  getResizerProps={[Function]}
  getTableProps={[Function]}
  getTbodyProps={[Function]}
  getTdProps={[Function]}
  getTfootProps={[Function]}
  getTfootTdProps={[Function]}
  getTfootTrProps={[Function]}
  getTheadFilterProps={[Function]}
  getTheadFilterThProps={[Function]}
  getTheadFilterTrProps={[Function]}
  getTheadGroupProps={[Function]}
  getTheadGroupThProps={[Function]}
  getTheadGroupTrProps={[Function]}
  getTheadProps={[Function]}
  getTheadThProps={[Function]}
  getTheadTrProps={[Function]}
  getTrGroupProps={[Function]}
  getTrProps={[Function]}
  groupedByPivotKey="_groupedByPivot"
  indexKey="_index"
  loading={false}
  loadingText="Loading..."
  multiSort={true}
  nestingLevelKey="_nestingLevel"
  nextText="Next"
  noDataText="No rows found"
  ofText="of"
  onFetchData={[Function]}
  originalKey="_original"
  pageSizeOptions={
    Array [
      5,
      10,
      20,
      25,
      50,
      100,
    ]
  }
  pageText="Page"
  pivotDefaults={Object {}}
  pivotIDKey="_pivotID"
  pivotValKey="_pivotVal"
  previousText="Previous"
  resizable={true}
  resolveData={[Function]}
  rowsText="rows"
  showPageJump={true}
  showPageSizeOptions={true}
  showPagination={true}
  showPaginationBottom={true}
  showPaginationTop={false}
  sortable={true}
  style={Object {}}
  subRowsKey="_subRows"
/>
`;
