// Jest Snapshot v1, https://goo.gl/fbAQLP

exports[`PreferencesForm component renders correctly 1`] = `
<Provider
  store={
    Object {
      "dispatch": [MockFunction],
      "getState": [Function],
      "subscribe": [Function],
    }
  }
>
  <Connect(AccountView)>
    <AccountView
      accounts={
        Object {
          "0x242b2dd21e7e1a2b2516d0a3a06b58e2d9bf9196": Object {
            "provider": "metamask",
          },
          "0x7328ef1d7ab7583eb9968b2f4a9c900f8a2e2d6d": Object {
            "provider": "metamask",
          },
          "0x8bb7481495d45ccd5cffae1c3a84155fea85a323": Object {
            "provider": "metamask",
          },
          "0x927aa991a628aab6851a890fb790a4a7cd0ec446": Object {
            "provider": "metamask",
          },
          "0xe198d98b76c529886affb5a74be8b435624bd310": Object {
            "provider": "metamask",
          },
        }
      }
      currentAccount="0x242B2Dd21e7E1a2b2516d0A3a06b58e2D9BF9196"
      dispatch={[MockFunction]}
    >
      <div
        className="account-view"
      >
        <Title
          className={null}
          size="small"
        >
          <div
            className="title small"
          >
            Accounts
          </div>
        </Title>
        <List
          Component={[Function]}
          className="account-list"
          data={
            Array [
              Object {
                "number": "0x242b2dd21e7e1a2b2516d0a3a06b58e2d9bf9196",
                "provider": "metamask",
              },
              Object {
                "number": "0x7328ef1d7ab7583eb9968b2f4a9c900f8a2e2d6d",
                "provider": "metamask",
              },
              Object {
                "number": "0x8bb7481495d45ccd5cffae1c3a84155fea85a323",
                "provider": "metamask",
              },
              Object {
                "number": "0xe198d98b76c529886affb5a74be8b435624bd310",
                "provider": "metamask",
              },
              Object {
                "number": "0x927aa991a628aab6851a890fb790a4a7cd0ec446",
                "provider": "metamask",
              },
            ]
          }
        >
          <div
            className="account-list"
          >
            <AccountItem
              key="0"
              number="0x242b2dd21e7e1a2b2516d0a3a06b58e2d9bf9196"
              provider="metamask"
            >
              <div
                className="account-item"
              >
                <div
                  className="account-item-logo"
                >
                  <Component>
                    SVG image metamask-fox.svg
                  </Component>
                </div>
                <div
                  className="account-item-info"
                >
                  <span
                    className="account-item-provider"
                  >
                    MetaMask
                  </span>
                  <span
                    className="account-item-number"
                  >
                    **** 9196
                  </span>
                </div>
              </div>
            </AccountItem>
            <AccountItem
              key="1"
              number="0x7328ef1d7ab7583eb9968b2f4a9c900f8a2e2d6d"
              provider="metamask"
            >
              <div
                className="account-item"
              >
                <div
                  className="account-item-logo"
                >
                  <Component>
                    SVG image metamask-fox.svg
                  </Component>
                </div>
                <div
                  className="account-item-info"
                >
                  <span
                    className="account-item-provider"
                  >
                    MetaMask
                  </span>
                  <span
                    className="account-item-number"
                  >
                    **** 2d6d
                  </span>
                </div>
              </div>
            </AccountItem>
            <AccountItem
              key="2"
              number="0x8bb7481495d45ccd5cffae1c3a84155fea85a323"
              provider="metamask"
            >
              <div
                className="account-item"
              >
                <div
                  className="account-item-logo"
                >
                  <Component>
                    SVG image metamask-fox.svg
                  </Component>
                </div>
                <div
                  className="account-item-info"
                >
                  <span
                    className="account-item-provider"
                  >
                    MetaMask
                  </span>
                  <span
                    className="account-item-number"
                  >
                    **** a323
                  </span>
                </div>
              </div>
            </AccountItem>
            <AccountItem
              key="3"
              number="0xe198d98b76c529886affb5a74be8b435624bd310"
              provider="metamask"
            >
              <div
                className="account-item"
              >
                <div
                  className="account-item-logo"
                >
                  <Component>
                    SVG image metamask-fox.svg
                  </Component>
                </div>
                <div
                  className="account-item-info"
                >
                  <span
                    className="account-item-provider"
                  >
                    MetaMask
                  </span>
                  <span
                    className="account-item-number"
                  >
                    **** d310
                  </span>
                </div>
              </div>
            </AccountItem>
            <AccountItem
              key="4"
              number="0x927aa991a628aab6851a890fb790a4a7cd0ec446"
              provider="metamask"
            >
              <div
                className="account-item"
              >
                <div
                  className="account-item-logo"
                >
                  <Component>
                    SVG image metamask-fox.svg
                  </Component>
                </div>
                <div
                  className="account-item-info"
                >
                  <span
                    className="account-item-provider"
                  >
                    MetaMask
                  </span>
                  <span
                    className="account-item-number"
                  >
                    **** c446
                  </span>
                </div>
              </div>
            </AccountItem>
          </div>
        </List>
      </div>
    </AccountView>
  </Connect(AccountView)>
</Provider>
`;
