// Jest Snapshot v1, https://goo.gl/fbAQLP

exports[`App component renders correctly 1`] = `
<div
  class="app-wrapper"
>
  <h1>
    RigoBlock
  </h1>
  <button>
    <a
      href="/counter"
    >
      Counter
    </a>
  </button>
</div>
`;
