// Jest Snapshot v1, https://goo.gl/fbAQLP

exports[`Icon component renders correctly 1`] = `
<div
  className="material-icons icon medium"
  onClick={[MockFunction]}
>
  help
</div>
`;
