// Jest Snapshot v1, https://goo.gl/fbAQLP

exports[`AccountSummary component renders correctly 1`] = `
<div
  className="account-summary"
>
  <AccountItem
    appearance="full"
    number="0x242B2Dd21e7E1a2b2516d0A3a06b58e2D9BF9196"
    provider="metamask"
  />
  <div
    className="balances"
  >
    <Amount
      size="small"
      symbol="ETH"
      symbolSize="small"
      value={"57.999999999960203063"}
      valueSize="small"
    />
    <Amount
      size="small"
      symbol="GRG"
      symbolSize="small"
      value={"0"}
      valueSize="small"
    />
  </div>
</div>
`;
