// Jest Snapshot v1, https://goo.gl/fbAQLP

exports[`Tab component renders correctly 1`] = `undefined`;
